
> profile@0.0.0 server
> node server/index.js

MongoDB connected: ac-79floax-shard-00-02.7pimpgs.mongodb.net/portfolio
Admin account synced
API running on http://localhost:5000
[0mGET /api/settings [32m200[0m 102.393 ms - 3031[0m
[0mGET /api/projects [32m200[0m 116.855 ms - 833[0m
[0mGET /api/resume [32m200[0m 121.077 ms - 290[0m
[0mGET /api/settings [36m304[0m 73.312 ms - -[0m
[0mGET /api/projects [36m304[0m 80.280 ms - -[0m
[0mGET /api/resume [36m304[0m 85.200 ms - -[0m
[0mGET /uploads/projects/1783158237006-smartpalce.png [32m200[0m 13.745 ms - 300863[0m
[0mPOST /api/auth/login [33m401[0m 406.905 ms - 33[0m
[0mPOST /api/auth/login [32m200[0m 485.245 ms - 277[0m
[0mGET /api/settings [36m304[0m 65.268 ms - -[0m
[0mGET /api/resume [36m304[0m 70.640 ms - -[0m
[0mGET /api/projects [36m304[0m 82.066 ms - -[0m
[0mGET /uploads/projects/1783158237006-smartpalce.png [36m304[0m 1.130 ms - -[0m
[0mGET /api/projects [36m304[0m 61.118 ms - -[0m
[0mGET /api/resume [36m304[0m 71.220 ms - -[0m
[0mGET /api/settings [36m304[0m 86.589 ms - -[0m
[0mPOST /api/resume [32m201[0m 316.734 ms - 290[0m
[0mGET /uploads/resumes/1786779604676-Md-Wasim-Resume.pdf [32m200[0m 1.940 ms - 245709[0m
[0mGET /favicon.ico [33m404[0m 2.058 ms - 150[0m
[0mGET /api/auth/me [32m200[0m 4.062 ms - 47[0m
[0mGET /api/auth/me [36m304[0m 3.026 ms - -[0m
[0mGET /api/settings [32m200[0m 73.979 ms - 3031[0m
[0mGET /api/projects [36m304[0m 74.638 ms - -[0m
[0mGET /api/resume [32m200[0m 78.490 ms - 290[0m
[0mGET /api/projects [36m304[0m 61.451 ms - -[0m
[0mGET /api/settings [36m304[0m 78.721 ms - -[0m
[0mGET /api/resume [36m304[0m 68.753 ms - -[0m
[0mGET /uploads/projects/1783158237006-smartpalce.png [36m304[0m 2.881 ms - -[0m
[0mGET /api/auth/me [36m304[0m 2.884 ms - -[0m
[0mGET /api/auth/me [36m304[0m 2.840 ms - -[0m
[0mGET /api/settings [36m304[0m 67.817 ms - -[0m
[0mGET /api/projects [36m304[0m 73.517 ms - -[0m
[0mGET /api/resume [36m304[0m 83.892 ms - -[0m
[0mGET /uploads/projects/1783158237006-smartpalce.png [36m304[0m 4.184 ms - -[0m
[0mGET /api/settings [36m304[0m 72.187 ms - -[0m
[0mGET /api/projects [36m304[0m 69.832 ms - -[0m
[0mGET /api/resume [36m304[0m 72.028 ms - -[0m
[0mGET /api/auth/me [36m304[0m 2.646 ms - -[0m
[0mGET /api/auth/me [36m304[0m 3.090 ms - -[0m
[0mGET /api/projects [36m304[0m 66.961 ms - -[0m
[0mGET /api/settings [36m304[0m 76.586 ms - -[0m
[0mGET /api/resume [36m304[0m 76.097 ms - -[0m
[0mGET /api/projects [36m304[0m 55.870 ms - -[0m
[0mGET /api/resume [36m304[0m 67.513 ms - -[0m
[0mGET /api/settings [36m304[0m 78.696 ms - -[0m
[0mGET /api/auth/me [36m304[0m 7.574 ms - -[0m
[0mGET /api/auth/me [36m304[0m 4.455 ms - -[0m
[0mGET /api/settings [36m304[0m 71.969 ms - -[0m
[0mGET /api/projects [36m304[0m 77.071 ms - -[0m
[0mGET /api/resume [36m304[0m 75.797 ms - -[0m
[0mGET /api/settings [36m304[0m 65.647 ms - -[0m
[0mGET /api/projects [36m304[0m 81.042 ms - -[0m
[0mGET /api/resume [36m304[0m 85.231 ms - -[0m
[0mGET /api/auth/me [36m304[0m 3.749 ms - -[0m
[0mGET /api/auth/me [36m304[0m 9.285 ms - -[0m
[0mGET /api/settings [36m304[0m 62.467 ms - -[0m
[0mGET /api/projects [36m304[0m 79.979 ms - -[0m
[0mGET /api/resume [36m304[0m 81.811 ms - -[0m
[0mGET /api/settings [36m304[0m 72.282 ms - -[0m
[0mGET /api/projects [36m304[0m 66.443 ms - -[0m
[0mGET /api/resume [36m304[0m 64.449 ms - -[0m
[0mGET /api/auth/me [36m304[0m 2.620 ms - -[0m
[0mGET /api/auth/me [36m304[0m 2.694 ms - -[0m
[0mGET /api/settings [36m304[0m 68.041 ms - -[0m
[0mGET /api/projects [36m304[0m 70.138 ms - -[0m
[0mGET /api/resume [36m304[0m 70.207 ms - -[0m
[0mGET /api/settings [36m304[0m 81.428 ms - -[0m
[0mGET /api/resume [36m304[0m 77.542 ms - -[0m
[0mGET /api/projects [36m304[0m 84.719 ms - -[0m
[0mGET /api/auth/me [36m304[0m 2.292 ms - -[0m
[0mGET /api/auth/me [36m304[0m 2.937 ms - -[0m
[0mGET /api/settings [36m304[0m 72.879 ms - -[0m
[0mGET /api/projects [36m304[0m 77.636 ms - -[0m
[0mGET /api/resume [36m304[0m 74.405 ms - -[0m
[0mGET /api/projects [36m304[0m 58.825 ms - -[0m
[0mGET /api/settings [36m304[0m 76.942 ms - -[0m
[0mGET /api/resume [36m304[0m 73.558 ms - -[0m
[0mGET /api/auth/me [36m304[0m 3.143 ms - -[0m
[0mGET /api/auth/me [36m304[0m 2.523 ms - -[0m
[0mGET /api/settings [36m304[0m 68.579 ms - -[0m
[0mGET /api/projects [36m304[0m 72.042 ms - -[0m
[0mGET /api/resume [36m304[0m 73.633 ms - -[0m
[0mGET /uploads/projects/1783158237006-smartpalce.png [36m304[0m 5.838 ms - -[0m
[0mGET /api/settings [36m304[0m 68.672 ms - -[0m
[0mGET /api/resume [36m304[0m 71.004 ms - -[0m
[0mGET /api/projects [36m304[0m 82.976 ms - -[0m
[0mGET /uploads/projects/1783158237006-smartpalce.png [36m304[0m 6.698 ms - -[0m
[0mPUT /api/settings [32m200[0m 116.741 ms - 3317[0m
[0mGET /api/settings [32m200[0m 78.550 ms - 3317[0m
[0mGET /api/projects [36m304[0m 71.118 ms - -[0m
[0mGET /api/resume [36m304[0m 69.609 ms - -[0m
[0mPUT /api/settings [32m200[0m 113.539 ms - 3463[0m
[0mGET /api/settings [32m200[0m 84.480 ms - 3463[0m
[0mGET /api/projects [36m304[0m 79.217 ms - -[0m
[0mGET /api/resume [36m304[0m 75.920 ms - -[0m
[0mPUT /api/settings [32m200[0m 98.406 ms - 3472[0m
[0mGET /api/projects [36m304[0m 59.375 ms - -[0m
[0mGET /api/settings [32m200[0m 78.867 ms - 3472[0m
[0mGET /api/resume [36m304[0m 83.015 ms - -[0m
[0mGET /api/auth/me [36m304[0m 6.646 ms - -[0m
[0mGET /api/auth/me [36m304[0m 3.259 ms - -[0m
[0mGET /api/settings [36m304[0m 73.590 ms - -[0m
[0mGET /api/projects [36m304[0m 75.051 ms - -[0m
[0mGET /api/resume [36m304[0m 74.927 ms - -[0m
[0mGET /api/projects [36m304[0m 59.487 ms - -[0m
[0mGET /api/settings [36m304[0m 74.625 ms - -[0m
[0mGET /api/resume [36m304[0m 73.240 ms - -[0m
[0mGET /uploads/projects/1783158237006-smartpalce.png [36m304[0m 5.032 ms - -[0m
[0mGET /api/auth/me [36m304[0m 3.023 ms - -[0m
[0mGET /api/auth/me [36m304[0m 2.306 ms - -[0m
[0mGET /api/settings [36m304[0m 72.248 ms - -[0m
[0mGET /api/projects [36m304[0m 74.952 ms - -[0m
[0mGET /api/resume [36m304[0m 77.944 ms - -[0m
[0mGET /uploads/projects/1783158237006-smartpalce.png [36m304[0m 4.726 ms - -[0m
[0mGET /api/settings [36m304[0m 68.319 ms - -[0m
[0mGET /api/projects [36m304[0m 66.758 ms - -[0m
[0mGET /api/resume [36m304[0m 73.244 ms - -[0m
[0mGET /api/auth/me [36m304[0m 2.922 ms - -[0m
[0mGET /api/auth/me [36m304[0m 3.271 ms - -[0m
[0mGET /api/settings [36m304[0m 74.456 ms - -[0m
[0mGET /api/projects [36m304[0m 74.420 ms - -[0m
[0mGET /api/resume [36m304[0m 74.918 ms - -[0m
[0mGET /api/settings [36m304[0m 62.373 ms - -[0m
[0mGET /api/resume [36m304[0m 62.269 ms - -[0m
[0mGET /api/projects [36m304[0m 70.359 ms - -[0m
[0mGET /uploads/projects/1783158237006-smartpalce.png [36m304[0m 3.084 ms - -[0m
[0mGET /api/auth/me [36m304[0m 3.595 ms - -[0m
[0mGET /api/auth/me [36m304[0m 3.371 ms - -[0m
[0mGET /api/settings [36m304[0m 58.681 ms - -[0m
[0mGET /api/projects [36m304[0m 67.917 ms - -[0m
[0mGET /api/resume [36m304[0m 67.801 ms - -[0m
[0mGET /uploads/projects/1783158237006-smartpalce.png [36m304[0m 3.419 ms - -[0m
[0mGET /api/settings [36m304[0m 73.181 ms - -[0m
[0mGET /api/resume [36m304[0m 64.764 ms - -[0m
[0mGET /api/projects [36m304[0m 77.546 ms - -[0m
[0mGET /api/auth/me [36m304[0m 3.319 ms - -[0m
[0mGET /api/auth/me [36m304[0m 2.711 ms - -[0m
[0mGET /api/settings [36m304[0m 75.376 ms - -[0m
[0mGET /api/projects [36m304[0m 81.659 ms - -[0m
[0mGET /api/resume [36m304[0m 81.590 ms - -[0m
[0mGET /api/settings [36m304[0m 70.872 ms - -[0m
[0mGET /api/projects [36m304[0m 71.754 ms - -[0m
[0mGET /api/resume [36m304[0m 66.373 ms - -[0m
[0mGET /api/auth/me [36m304[0m 3.765 ms - -[0m
[0mGET /api/auth/me [36m304[0m 2.555 ms - -[0m
[0mGET /api/projects [36m304[0m 68.930 ms - -[0m
[0mGET /api/settings [36m304[0m 81.285 ms - -[0m
[0mGET /api/resume [36m304[0m 78.014 ms - -[0m
[0mGET /api/resume [36m304[0m 62.451 ms - -[0m
[0mGET /api/settings [36m304[0m 69.124 ms - -[0m
[0mGET /api/projects [36m304[0m 79.031 ms - -[0m
[0mGET /api/auth/me [36m304[0m 4.360 ms - -[0m
[0mGET /api/auth/me [36m304[0m 2.028 ms - -[0m
[0mGET /api/settings [36m304[0m 70.362 ms - -[0m
[0mGET /api/projects [36m304[0m 69.993 ms - -[0m
[0mGET /api/resume [36m304[0m 76.065 ms - -[0m
[0mGET /api/settings [36m304[0m 65.000 ms - -[0m
[0mGET /api/projects [36m304[0m 68.594 ms - -[0m
[0mGET /api/resume [36m304[0m 68.118 ms - -[0m
[0mGET /api/auth/me [36m304[0m 2.780 ms - -[0m
[0mGET /api/auth/me [36m304[0m 4.471 ms - -[0m
[0mGET /api/settings [36m304[0m 64.585 ms - -[0m
[0mGET /api/projects [36m304[0m 68.410 ms - -[0m
[0mGET /api/resume [36m304[0m 72.240 ms - -[0m
[0mGET /api/settings [36m304[0m 76.960 ms - -[0m
[0mGET /api/projects [36m304[0m 78.050 ms - -[0m
[0mGET /api/resume [36m304[0m 81.455 ms - -[0m
[0mGET /api/auth/me [36m304[0m 2.247 ms - -[0m
[0mGET /api/auth/me [36m304[0m 2.526 ms - -[0m
[0mGET /api/projects [36m304[0m 68.989 ms - -[0m
[0mGET /api/settings [36m304[0m 84.298 ms - -[0m
[0mGET /api/resume [36m304[0m 83.182 ms - -[0m
[0mGET /api/projects [36m304[0m 70.201 ms - -[0m
[0mGET /api/settings [36m304[0m 68.958 ms - -[0m
[0mGET /api/resume [36m304[0m 71.272 ms - -[0m
[0mGET /api/auth/me [36m304[0m 3.716 ms - -[0m
[0mGET /api/auth/me [36m304[0m 3.532 ms - -[0m
[0mGET /api/settings [36m304[0m 76.051 ms - -[0m
[0mGET /api/resume [36m304[0m 71.341 ms - -[0m
[0mGET /api/projects [36m304[0m 81.556 ms - -[0m
[0mGET /api/settings [36m304[0m 63.967 ms - -[0m
[0mGET /api/resume [36m304[0m 63.375 ms - -[0m
[0mGET /api/projects [36m304[0m 64.209 ms - -[0m
[0mGET /uploads/projects/1783158237006-smartpalce.png [36m304[0m 1.432 ms - -[0m
[0mGET /api/auth/me [36m304[0m 3.964 ms - -[0m
[0mGET /api/auth/me [36m304[0m 4.832 ms - -[0m
[0mGET /api/settings [36m304[0m 66.914 ms - -[0m
[0mGET /api/projects [36m304[0m 78.083 ms - -[0m
[0mGET /api/resume [36m304[0m 74.346 ms - -[0m
[0mGET /api/settings [36m304[0m 62.606 ms - -[0m
[0mGET /api/resume [36m304[0m 71.612 ms - -[0m
[0mGET /api/projects [36m304[0m 79.365 ms - -[0m
[0mGET /api/auth/me [36m304[0m 3.458 ms - -[0m
[0mGET /api/auth/me [36m304[0m 2.487 ms - -[0m
[0mGET /api/projects [36m304[0m 61.883 ms - -[0m
[0mGET /api/settings [36m304[0m 75.462 ms - -[0m
[0mGET /api/resume [36m304[0m 71.661 ms - -[0m
[0mGET /api/projects [36m304[0m 54.336 ms - -[0m
[0mGET /api/settings [36m304[0m 75.479 ms - -[0m
[0mGET /api/resume [36m304[0m 83.129 ms - -[0m
[0mGET /api/auth/me [36m304[0m 1.711 ms - -[0m
[0mGET /api/auth/me [36m304[0m 2.695 ms - -[0m
[0mGET /api/resume [36m304[0m 60.061 ms - -[0m
[0mGET /api/projects [36m304[0m 64.916 ms - -[0m
[0mGET /api/settings [36m304[0m 79.224 ms - -[0m
[0mGET /api/projects [36m304[0m 60.407 ms - -[0m
[0mGET /api/resume [36m304[0m 68.976 ms - -[0m
[0mGET /api/settings [36m304[0m 75.588 ms - -[0m
[0mGET /api/auth/me [36m304[0m 3.293 ms - -[0m
[0mGET /api/auth/me [36m304[0m 3.252 ms - -[0m
[0mGET /api/resume [36m304[0m 71.590 ms - -[0m
[0mGET /api/settings [36m304[0m 87.666 ms - -[0m
[0mGET /api/projects [36m304[0m 87.758 ms - -[0m
[0mGET /api/resume [36m304[0m 63.680 ms - -[0m
[0mGET /api/settings [36m304[0m 69.528 ms - -[0m
[0mGET /api/projects [36m304[0m 71.505 ms - -[0m
[0mGET /uploads/projects/1783158237006-smartpalce.png [36m304[0m 2.172 ms - -[0m
[0mGET /api/auth/me [36m304[0m 3.658 ms - -[0m
[0mGET /api/auth/me [36m304[0m 2.387 ms - -[0m
[0mGET /api/settings [36m304[0m 74.538 ms - -[0m
[0mGET /api/resume [36m304[0m 69.503 ms - -[0m
[0mGET /api/projects [36m304[0m 82.604 ms - -[0m
[0mGET /uploads/projects/1783158237006-smartpalce.png [36m304[0m 1.683 ms - -[0m
[0mGET /api/resume [36m304[0m 79.394 ms - -[0m
[0mGET /api/settings [36m304[0m 101.240 ms - -[0m
[0mGET /api/projects [36m304[0m 107.995 ms - -[0m
[0mGET /api/auth/me [36m304[0m 2.821 ms - -[0m
[0mGET /api/auth/me [36m304[0m 3.095 ms - -[0m
[0mGET /api/settings [36m304[0m 69.700 ms - -[0m
[0mGET /api/resume [36m304[0m 73.983 ms - -[0m
[0mGET /api/projects [36m304[0m 86.458 ms - -[0m
[0mGET /api/settings [36m304[0m 70.058 ms - -[0m
[0mGET /uploads/projects/1783158237006-smartpalce.png [36m304[0m 5.245 ms - -[0m
[0mGET /api/projects [36m304[0m 60.684 ms - -[0m
[0mGET /api/resume [36m304[0m 73.632 ms - -[0m
[0mGET /api/auth/me [36m304[0m 2.995 ms - -[0m
[0mGET /api/auth/me [36m304[0m 2.474 ms - -[0m
[0mGET /api/projects [36m304[0m 61.523 ms - -[0m
[0mGET /api/settings [36m304[0m 79.033 ms - -[0m
[0mGET /api/resume [36m304[0m 76.542 ms - -[0m
[0mGET /api/projects [36m304[0m 72.577 ms - -[0m
[0mGET /api/settings [36m304[0m 62.227 ms - -[0m
[0mGET /api/resume [36m304[0m 62.465 ms - -[0m
[0mGET /api/auth/me [36m304[0m 5.559 ms - -[0m
[0mGET /api/auth/me [36m304[0m 4.093 ms - -[0m
[0mGET /api/settings [36m304[0m 74.822 ms - -[0m
[0mGET /api/resume [36m304[0m 76.568 ms - -[0m
[0mGET /api/projects [36m304[0m 83.383 ms - -[0m
[0mGET /api/settings [36m304[0m 63.412 ms - -[0m
[0mGET /api/resume [36m304[0m 72.211 ms - -[0m
[0mGET /api/projects [36m304[0m 71.465 ms - -[0m
[0mGET /uploads/projects/1783158237006-smartpalce.png [36m304[0m 2.780 ms - -[0m
[0mGET /api/auth/me [36m304[0m 3.341 ms - -[0m
[0mGET /api/auth/me [36m304[0m 5.780 ms - -[0m
[0mGET /api/settings [36m304[0m 480.453 ms - -[0m
[0mGET /api/projects [36m304[0m 469.963 ms - -[0m
[0mGET /api/settings [36m304[0m 80.966 ms - -[0m
[0mGET /api/projects [36m304[0m 71.402 ms - -[0m
[0mGET /api/resume [36m304[0m 835.447 ms - -[0m
[0mGET /api/resume [36m304[0m 74.314 ms - -[0m
[0mGET /api/auth/me [36m304[0m 4.793 ms - -[0m
[0mGET /api/auth/me [36m304[0m 2.327 ms - -[0m
[0mGET /api/settings [36m304[0m 73.598 ms - -[0m
[0mGET /api/projects [36m304[0m 75.573 ms - -[0m
[0mGET /api/resume [36m304[0m 89.795 ms - -[0m
[0mGET /api/settings [36m304[0m 67.168 ms - -[0m
[0mGET /api/resume [36m304[0m 63.109 ms - -[0m
[0mGET /api/projects [36m304[0m 85.072 ms - -[0m
[0mGET /api/auth/me [36m304[0m 3.072 ms - -[0m
[0mGET /api/auth/me [36m304[0m 3.108 ms - -[0m
[0mGET /api/settings [36m304[0m 79.574 ms - -[0m
[0mGET /api/projects [36m304[0m 82.223 ms - -[0m
[0mGET /api/resume [36m304[0m 81.886 ms - -[0m
[0mGET /api/projects [36m304[0m 61.963 ms - -[0m
[0mGET /api/settings [36m304[0m 73.827 ms - -[0m
[0mGET /api/resume [36m304[0m 73.128 ms - -[0m
[0mGET /api/auth/me [36m304[0m 1.891 ms - -[0m
[0mGET /api/auth/me [36m304[0m 1.761 ms - -[0m
[0mGET /api/projects [36m304[0m 58.173 ms - -[0m
[0mGET /api/settings [36m304[0m 64.223 ms - -[0m
[0mGET /api/resume [36m304[0m 62.070 ms - -[0m
[0mGET /api/resume [36m304[0m 64.515 ms - -[0m
[0mGET /api/projects [36m304[0m 71.182 ms - -[0m
[0mGET /api/settings [36m304[0m 73.148 ms - -[0m
[0mGET /api/auth/me [36m304[0m 9.258 ms - -[0m
[0mGET /api/auth/me [36m304[0m 5.186 ms - -[0m
[0mGET /api/projects [36m304[0m 64.182 ms - -[0m
[0mGET /api/settings [36m304[0m 77.017 ms - -[0m
[0mGET /api/resume [36m304[0m 76.424 ms - -[0m
[0mGET /api/projects [36m304[0m 76.675 ms - -[0m
[0mGET /api/settings [36m304[0m 74.642 ms - -[0m
[0mGET /api/resume [36m304[0m 81.496 ms - -[0m
[0mGET /api/auth/me [36m304[0m 2.513 ms - -[0m
[0mGET /api/auth/me [36m304[0m 3.723 ms - -[0m
[0mGET /api/projects [36m304[0m 59.709 ms - -[0m
[0mGET /api/resume [36m304[0m 64.379 ms - -[0m
[0mGET /api/settings [36m304[0m 75.855 ms - -[0m
[0mGET /api/auth/me [36m304[0m 3.216 ms - -[0m
[0mGET /api/auth/me [36m304[0m 3.014 ms - -[0m
[0mGET /uploads/projects/1783158237006-smartpalce.png [36m304[0m 5.139 ms - -[0m
[0mGET /api/settings [36m304[0m 64.605 ms - -[0m
[0mGET /api/resume [36m304[0m 73.008 ms - -[0m
[0mGET /api/projects [36m304[0m 81.857 ms - -[0m
[0mGET /api/resume [36m304[0m 58.641 ms - -[0m
[0mGET /api/projects [36m304[0m 60.746 ms - -[0m
[0mGET /api/settings [36m304[0m 72.170 ms - -[0m
[0mGET /api/projects [36m304[0m 65.242 ms - -[0m
[0mGET /api/settings [36m304[0m 67.861 ms - -[0m
[0mGET /api/resume [36m304[0m 81.715 ms - -[0m
[0mGET /api/auth/me [36m304[0m 2.703 ms - -[0m
[0mGET /api/auth/me [36m304[0m 3.383 ms - -[0m
[0mGET /api/projects [36m304[0m 70.958 ms - -[0m
[0mGET /api/settings [36m304[0m 84.531 ms - -[0m
[0mGET /api/resume [36m304[0m 81.282 ms - -[0m
[0mGET /api/projects [36m304[0m 68.294 ms - -[0m
[0mGET /api/settings [36m304[0m 71.851 ms - -[0m
[0mGET /api/resume [36m304[0m 73.752 ms - -[0m
[0mGET /api/auth/me [36m304[0m 3.271 ms - -[0m
[0mGET /api/auth/me [36m304[0m 3.596 ms - -[0m
[0mGET /api/resume [36m304[0m 64.382 ms - -[0m
[0mGET /api/settings [36m304[0m 72.258 ms - -[0m
[0mGET /api/projects [36m304[0m 71.700 ms - -[0m
[0mGET /api/resume [36m304[0m 69.026 ms - -[0m
[0mGET /api/settings [36m304[0m 68.650 ms - -[0m
[0mGET /api/projects [36m304[0m 68.799 ms - -[0m
[0mGET /uploads/resumes/1786779604676-Md-Wasim-Resume.pdf [32m200[0m 10.038 ms - 245709[0m
[0mGET /uploads/projects/1783158237006-smartpalce.png [36m304[0m 2.343 ms - -[0m
[0mGET /api/projects [36m304[0m 74.448 ms - -[0m
[0mGET /api/settings [36m304[0m 81.391 ms - -[0m
[0mGET /api/auth/me [36m304[0m 2.557 ms - -[0m
[0mGET /api/auth/me [36m304[0m 1.482 ms - -[0m
[0mGET /api/projects [36m304[0m 59.353 ms - -[0m
[0mGET /api/settings [36m304[0m 62.865 ms - -[0m
[0mGET /api/resume [36m304[0m 63.231 ms - -[0m
[0mGET /api/resume [36m304[0m 57.955 ms - -[0m
[0mGET /api/auth/me [36m304[0m 3.894 ms - -[0m
[0mGET /api/auth/me [36m304[0m 4.938 ms - -[0m
[0mGET /api/resume [36m304[0m 70.871 ms - -[0m
[0mGET /api/projects [36m304[0m 80.190 ms - -[0m
[0mGET /api/settings [36m304[0m 90.429 ms - -[0m
[0mGET /api/projects [36m304[0m 65.302 ms - -[0m
[0mGET /api/resume [36m304[0m 81.015 ms - -[0m
[0mGET /api/settings [36m304[0m 90.168 ms - -[0m
[0mGET /uploads/projects/1783158237006-smartpalce.png [36m304[0m 2.340 ms - -[0m
[0mGET /api/auth/me [36m304[0m 2.519 ms - -[0m
[0mGET /api/auth/me [36m304[0m 1.851 ms - -[0m
[0mGET /api/resume [36m304[0m 59.764 ms - -[0m
[0mGET /api/projects [36m304[0m 68.263 ms - -[0m
[0mGET /api/settings [36m304[0m 75.807 ms - -[0m
[0mGET /api/resume [36m304[0m 69.125 ms - -[0m
[0mGET /api/settings [36m304[0m 71.362 ms - -[0m
[0mGET /api/projects [36m304[0m 78.497 ms - -[0m
[0mGET /api/auth/me [36m304[0m 2.399 ms - -[0m
[0mGET /api/auth/me [36m304[0m 1.989 ms - -[0m
[0mGET /api/resume [36m304[0m 60.534 ms - -[0m
[0mGET /api/projects [36m304[0m 66.279 ms - -[0m
[0mGET /api/settings [36m304[0m 79.205 ms - -[0m
[0mGET /api/resume [36m304[0m 62.438 ms - -[0m
[0mGET /api/settings [36m304[0m 58.678 ms - -[0m
[0mGET /api/projects [36m304[0m 62.242 ms - -[0m
[0mGET /api/auth/me [36m304[0m 6.178 ms - -[0m
[0mGET /api/auth/me [36m304[0m 3.535 ms - -[0m
[0mGET /api/settings [36m304[0m 86.538 ms - -[0m
[0mGET /api/resume [36m304[0m 83.471 ms - -[0m
[0mGET /api/projects [36m304[0m 89.187 ms - -[0m
[0mGET /api/settings [36m304[0m 79.391 ms - -[0m
[0mGET /api/resume [36m304[0m 78.634 ms - -[0m
[0mGET /api/projects [36m304[0m 79.331 ms - -[0m
[0mGET /uploads/projects/1783158237006-smartpalce.png [36m304[0m 3.538 ms - -[0m
[0mGET /api/auth/me [36m304[0m 2.632 ms - -[0m
[0mGET /api/auth/me [36m304[0m 2.381 ms - -[0m
[0mGET /api/projects [36m304[0m 72.317 ms - -[0m
[0mGET /api/resume [36m304[0m 74.720 ms - -[0m
[0mGET /api/settings [36m304[0m 91.688 ms - -[0m
[0mGET /uploads/projects/1783158237006-smartpalce.png [36m304[0m 3.397 ms - -[0m
[0mGET /api/projects [36m304[0m 68.106 ms - -[0m
[0mGET /api/settings [36m304[0m 77.792 ms - -[0m
[0mGET /api/resume [36m304[0m 84.740 ms - -[0m
[0mPOST /api/contact [33m404[0m 1.508 ms - 151[0m
[0mPOST /api/contact [33m404[0m 1.013 ms - 151[0m
[0mPOST /api/contact [33m404[0m 1.522 ms - 151[0m
[0mGET /api/auth/me [36m304[0m 3.375 ms - -[0m
[0mGET /api/auth/me [36m304[0m 3.722 ms - -[0m
[0mGET /api/settings [36m304[0m 74.619 ms - -[0m
[0mGET /api/projects [36m304[0m 76.672 ms - -[0m
[0mGET /api/resume [36m304[0m 80.039 ms - -[0m
[0mGET /api/settings [36m304[0m 66.522 ms - -[0m
[0mGET /api/projects [36m304[0m 68.140 ms - -[0m
[0mGET /api/resume [36m304[0m 73.422 ms - -[0m
[0mGET /api/auth/me [36m304[0m 1.641 ms - -[0m
[0mGET /api/auth/me [36m304[0m 1.402 ms - -[0m
[0mGET /api/projects [36m304[0m 64.987 ms - -[0m
[0mGET /api/resume [36m304[0m 65.613 ms - -[0m
[0mGET /api/settings [36m304[0m 71.672 ms - -[0m
[0mGET /api/settings [36m304[0m 60.597 ms - -[0m
[0mGET /api/resume [36m304[0m 66.060 ms - -[0m
[0mGET /api/projects [36m304[0m 75.641 ms - -[0m
[0mGET /api/auth/me [36m304[0m 1.748 ms - -[0m
[0mGET /api/auth/me [36m304[0m 2.407 ms - -[0m
[0mGET /api/projects [36m304[0m 61.541 ms - -[0m
[0mGET /api/settings [36m304[0m 76.588 ms - -[0m
[0mGET /api/resume [36m304[0m 72.759 ms - -[0m
[0mGET /api/projects [36m304[0m 68.783 ms - -[0m
[0mGET /api/settings [36m304[0m 61.126 ms - -[0m
[0mGET /api/resume [36m304[0m 70.396 ms - -[0m
[0mGET /api/auth/me [36m304[0m 3.280 ms - -[0m
[0mGET /api/auth/me [36m304[0m 2.147 ms - -[0m
[0mGET /api/settings [36m304[0m 73.573 ms - -[0m
[0mGET /api/projects [36m304[0m 68.765 ms - -[0m
[0mGET /api/resume [36m304[0m 69.644 ms - -[0m
[0mGET /api/settings [36m304[0m 69.139 ms - -[0m
[0mGET /api/projects [36m304[0m 60.117 ms - -[0m
[0mGET /api/resume [36m304[0m 63.048 ms - -[0m
